Archive member included to satisfy reference by file (symbol)

d:/stm-ide/stm32cubeide_1.4.0/stm32cubeide/plugins/com.st.stm32cube.ide.mcu.externaltools.gnu-tools-for-stm32.7-2018-q2-update.win32_1.4.0.202007081208/tools/bin/../lib/gcc/arm-none-eabi/7.3.1/../../../../arm-none-eabi/lib/thumb/v7-m\libc_nano.a(lib_a-errno.o)
                              Core/Src/syscalls.o (__errno)
d:/stm-ide/stm32cubeide_1.4.0/stm32cubeide/plugins/com.st.stm32cube.ide.mcu.externaltools.gnu-tools-for-stm32.7-2018-q2-update.win32_1.4.0.202007081208/tools/bin/../lib/gcc/arm-none-eabi/7.3.1/../../../../arm-none-eabi/lib/thumb/v7-m\libc_nano.a(lib_a-exit.o)
                              d:/stm-ide/stm32cubeide_1.4.0/stm32cubeide/plugins/com.st.stm32cube.ide.mcu.externaltools.gnu-tools-for-stm32.7-2018-q2-update.win32_1.4.0.202007081208/tools/bin/../lib/gcc/arm-none-eabi/7.3.1/../../../../arm-none-eabi/lib/thumb/v7-m/crt0.o (exit)
d:/stm-ide/stm32cubeide_1.4.0/stm32cubeide/plugins/com.st.stm32cube.ide.mcu.externaltools.gnu-tools-for-stm32.7-2018-q2-update.win32_1.4.0.202007081208/tools/bin/../lib/gcc/arm-none-eabi/7.3.1/../../../../arm-none-eabi/lib/thumb/v7-m\libc_nano.a(lib_a-impure.o)
                              d:/stm-ide/stm32cubeide_1.4.0/stm32cubeide/plugins/com.st.stm32cube.ide.mcu.externaltools.gnu-tools-for-stm32.7-2018-q2-update.win32_1.4.0.202007081208/tools/bin/../lib/gcc/arm-none-eabi/7.3.1/../../../../arm-none-eabi/lib/thumb/v7-m\libc_nano.a(lib_a-exit.o) (_global_impure_ptr)
d:/stm-ide/stm32cubeide_1.4.0/stm32cubeide/plugins/com.st.stm32cube.ide.mcu.externaltools.gnu-tools-for-stm32.7-2018-q2-update.win32_1.4.0.202007081208/tools/bin/../lib/gcc/arm-none-eabi/7.3.1/../../../../arm-none-eabi/lib/thumb/v7-m\libc_nano.a(lib_a-init.o)
                              d:/stm-ide/stm32cubeide_1.4.0/stm32cubeide/plugins/com.st.stm32cube.ide.mcu.externaltools.gnu-tools-for-stm32.7-2018-q2-update.win32_1.4.0.202007081208/tools/bin/../lib/gcc/arm-none-eabi/7.3.1/../../../../arm-none-eabi/lib/thumb/v7-m/crt0.o (__libc_init_array)
d:/stm-ide/stm32cubeide_1.4.0/stm32cubeide/plugins/com.st.stm32cube.ide.mcu.externaltools.gnu-tools-for-stm32.7-2018-q2-update.win32_1.4.0.202007081208/tools/bin/../lib/gcc/arm-none-eabi/7.3.1/../../../../arm-none-eabi/lib/thumb/v7-m\libc_nano.a(lib_a-memset.o)
                              d:/stm-ide/stm32cubeide_1.4.0/stm32cubeide/plugins/com.st.stm32cube.ide.mcu.externaltools.gnu-tools-for-stm32.7-2018-q2-update.win32_1.4.0.202007081208/tools/bin/../lib/gcc/arm-none-eabi/7.3.1/../../../../arm-none-eabi/lib/thumb/v7-m/crt0.o (memset)

Allocating common symbols
Common symbol       size              file

uart_nhan           0x1               Core/Src/main.o
uwTick              0x4               Drivers/STM32F1xx_HAL_Driver/Src/stm32f1xx_hal.o
pFlash              0x20              Drivers/STM32F1xx_HAL_Driver/Src/stm32f1xx_hal_flash.o
htim3               0x48              Core/Src/main.o
huart1              0x40              Core/Src/main.o

Discarded input sections

 .text          0x0000000000000000        0x0 d:/stm-ide/stm32cubeide_1.4.0/stm32cubeide/plugins/com.st.stm32cube.ide.mcu.externaltools.gnu-tools-for-stm32.7-2018-q2-update.win32_1.4.0.202007081208/tools/bin/../lib/gcc/arm-none-eabi/7.3.1/thumb/v7-m/crti.o
 .data          0x0000000000000000        0x0 d:/stm-ide/stm32cubeide_1.4.0/stm32cubeide/plugins/com.st.stm32cube.ide.mcu.externaltools.gnu-tools-for-stm32.7-2018-q2-update.win32_1.4.0.202007081208/tools/bin/../lib/gcc/arm-none-eabi/7.3.1/thumb/v7-m/crti.o
 .bss           0x0000000000000000        0x0 d:/stm-ide/stm32cubeide_1.4.0/stm32cubeide/plugins/com.st.stm32cube.ide.mcu.externaltools.gnu-tools-for-stm32.7-2018-q2-update.win32_1.4.0.202007081208/tools/bin/../lib/gcc/arm-none-eabi/7.3.1/thumb/v7-m/crti.o
 .data          0x0000000000000000        0x4 d:/stm-ide/stm32cubeide_1.4.0/stm32cubeide/plugins/com.st.stm32cube.ide.mcu.externaltools.gnu-tools-for-stm32.7-2018-q2-update.win32_1.4.0.202007081208/tools/bin/../lib/gcc/arm-none-eabi/7.3.1/thumb/v7-m/crtbegin.o
 .text          0x0000000000000000       0x74 d:/stm-ide/stm32cubeide_1.4.0/stm32cubeide/plugins/com.st.stm32cube.ide.mcu.externaltools.gnu-tools-for-stm32.7-2018-q2-update.win32_1.4.0.202007081208/tools/bin/../lib/gcc/arm-none-eabi/7.3.1/../../../../arm-none-eabi/lib/thumb/v7-m/crt0.o
 .data          0x0000000000000000        0x0 d:/stm-ide/stm32cubeide_1.4.0/stm32cubeide/plugins/com.st.stm32cube.ide.mcu.externaltools.gnu-tools-for-stm32.7-2018-q2-update.win32_1.4.0.202007081208/tools/bin/../lib/gcc/arm-none-eabi/7.3.1/../../../../arm-none-eabi/lib/thumb/v7-m/crt0.o
 .bss           0x0000000000000000        0x0 d:/stm-ide/stm32cubeide_1.4.0/stm32cubeide/plugins/com.st.stm32cube.ide.mcu.externaltools.gnu-tools-for-stm32.7-2018-q2-update.win32_1.4.0.202007081208/tools/bin/../lib/gcc/arm-none-eabi/7.3.1/../../../../arm-none-eabi/lib/thumb/v7-m/crt0.o
[...]
Memory Configuration

Name             Origin             Length             Attributes
RAM              0x0000000020000000 0x0000000000005000 xrw
FLASH            0x0000000008000000 0x0000000000010000 xr
*default*        0x0000000000000000 0xffffffffffffffff

Linker script and memory map

LOAD d:/stm-ide/stm32cubeide_1.4.0/stm32cubeide/plugins/com.st.stm32cube.ide.mcu.externaltools.gnu-tools-for-stm32.7-2018-q2-update.win32_1.4.0.202007081208/tools/bin/../lib/gcc/arm-none-eabi/7.3.1/thumb/v7-m/crti.o
LOAD d:/stm-ide/stm32cubeide_1.4.0/stm32cubeide/plugins/com.st.stm32cube.ide.mcu.externaltools.gnu-tools-for-stm32.7-2018-q2-update.win32_1.4.0.202007081208/tools/bin/../lib/gcc/arm-none-eabi/7.3.1/thumb/v7-m/crtbegin.o
LOAD d:/stm-ide/stm32cubeide_1.4.0/stm32cubeide/plugins/com.st.stm32cube.ide.mcu.externaltools.gnu-tools-for-stm32.7-2018-q2-update.win32_1.4.0.202007081208/tools/bin/../lib/gcc/arm-none-eabi/7.3.1/../../../../arm-none-eabi/lib/thumb/v7-m/crt0.o
LOAD Core/Src/main.o
LOAD Core/Src/stm32f1xx_hal_msp.o
LOAD Core/Src/stm32f1xx_it.o
LOAD Core/Src/syscalls.o
LOAD Core/Src/sysmem.o
LOAD Core/Src/system_stm32f1xx.o
LOAD Core/Startup/startup_stm32f103c8tx.o
LOAD Drivers/STM32F1xx_HAL_Driver/Src/stm32f1xx_hal.o
LOAD Drivers/STM32F1xx_HAL_Driver/Src/stm32f1xx_hal_cortex.o
LOAD Drivers/STM32F1xx_HAL_Driver/Src/stm32f1xx_hal_dma.o
LOAD Drivers/STM32F1xx_HAL_Driver/Src/stm32f1xx_hal_exti.o
LOAD Drivers/STM32F1xx_HAL_Driver/Src/stm32f1xx_hal_flash.o
LOAD Drivers/STM32F1xx_HAL_Driver/Src/stm32f1xx_hal_flash_ex.o
LOAD Drivers/STM32F1xx_HAL_Driver/Src/stm32f1xx_hal_gpio.o
LOAD Drivers/STM32F1xx_HAL_Driver/Src/stm32f1xx_hal_gpio_ex.o
LOAD Drivers/STM32F1xx_HAL_Driver/Src/stm32f1xx_hal_pwr.o
LOAD Drivers/STM32F1xx_HAL_Driver/Src/stm32f1xx_hal_rcc.o
LOAD Drivers/STM32F1xx_HAL_Driver/Src/stm32f1xx_hal_rcc_ex.o
LOAD Drivers/STM32F1xx_HAL_Driver/Src/stm32f1xx_hal_tim.o
LOAD Drivers/STM32F1xx_HAL_Driver/Src/stm32f1xx_hal_tim_ex.o
LOAD Drivers/STM32F1xx_HAL_Driver/Src/stm32f1xx_hal_uart.o
START GROUP
LOAD d:/stm-ide/stm32cubeide_1.4.0/stm32cubeide/plugins/com.st.stm32cube.ide.mcu.externaltools.gnu-tools-for-stm32.7-2018-q2-update.win32_1.4.0.202007081208/tools/bin/../lib/gcc/arm-none-eabi/7.3.1/../../../../arm-none-eabi/lib/thumb/v7-m\libc_nano.a
LOAD d:/stm-ide/stm32cubeide_1.4.0/stm32cubeide/plugins/com.st.stm32cube.ide.mcu.externaltools.gnu-tools-for-stm32.7-2018-q2-update.win32_1.4.0.202007081208/tools/bin/../lib/gcc/arm-none-eabi/7.3.1/../../../../arm-none-eabi/lib/thumb/v7-m\libm.a
END GROUP
START GROUP
LOAD d:/stm-ide/stm32cubeide_1.4.0/stm32cubeide/plugins/com.st.stm32cube.ide.mcu.externaltools.gnu-tools-for-stm32.7-2018-q2-update.win32_1.4.0.202007081208/tools/bin/../lib/gcc/arm-none-eabi/7.3.1/thumb/v7-m\libgcc.a
LOAD d:/stm-ide/stm32cubeide_1.4.0/stm32cubeide/plugins/com.st.stm32cube.ide.mcu.externaltools.gnu-tools-for-stm32.7-2018-q2-update.win32_1.4.0.202007081208/tools/bin/../lib/gcc/arm-none-eabi/7.3.1/../../../../arm-none-eabi/lib/thumb/v7-m\libc_nano.a
END GROUP
START GROUP
LOAD d:/stm-ide/stm32cubeide_1.4.0/stm32cubeide/plugins/com.st.stm32cube.ide.mcu.externaltools.gnu-tools-for-stm32.7-2018-q2-update.win32_1.4.0.202007081208/tools/bin/../lib/gcc/arm-none-eabi/7.3.1/thumb/v7-m\libgcc.a
LOAD d:/stm-ide/stm32cubeide_1.4.0/stm32cubeide/plugins/com.st.stm32cube.ide.mcu.externaltools.gnu-tools-for-stm32.7-2018-q2-update.win32_1.4.0.202007081208/tools/bin/../lib/gcc/arm-none-eabi/7.3.1/../../../../arm-none-eabi/lib/thumb/v7-m\libc_nano.a
LOAD d:/stm-ide/stm32cubeide_1.4.0/stm32cubeide/plugins/com.st.stm32cube.ide.mcu.externaltools.gnu-tools-for-stm32.7-2018-q2-update.win32_1.4.0.202007081208/tools/bin/../lib/gcc/arm-none-eabi/7.3.1/../../../../arm-none-eabi/lib/thumb/v7-m\libnosys.a
END GROUP
START GROUP
LOAD d:/stm-ide/stm32cubeide_1.4.0/stm32cubeide/plugins/com.st.stm32cube.ide.mcu.externaltools.gnu-tools-for-stm32.7-2018-q2-update.win32_1.4.0.202007081208/tools/bin/../lib/gcc/arm-none-eabi/7.3.1/thumb/v7-m\libgcc.a
LOAD d:/stm-ide/stm32cubeide_1.4.0/stm32cubeide/plugins/com.st.stm32cube.ide.mcu.externaltools.gnu-tools-for-stm32.7-2018-q2-update.win32_1.4.0.202007081208/tools/bin/../lib/gcc/arm-none-eabi/7.3.1/../../../../arm-none-eabi/lib/thumb/v7-m\libc_nano.a
LOAD d:/stm-ide/stm32cubeide_1.4.0/stm32cubeide/plugins/com.st.stm32cube.ide.mcu.externaltools.gnu-tools-for-stm32.7-2018-q2-update.win32_1.4.0.202007081208/tools/bin/../lib/gcc/arm-none-eabi/7.3.1/../../../../arm-none-eabi/lib/thumb/v7-m\libnosys.a
END GROUP
LOAD d:/stm-ide/stm32cubeide_1.4.0/stm32cubeide/plugins/com.st.stm32cube.ide.mcu.externaltools.gnu-tools-for-stm32.7-2018-q2-update.win32_1.4.0.202007081208/tools/bin/../lib/gcc/arm-none-eabi/7.3.1/thumb/v7-m/crtend.o
LOAD d:/stm-ide/stm32cubeide_1.4.0/stm32cubeide/plugins/com.st.stm32cube.ide.mcu.externaltools.gnu-tools-for-stm32.7-2018-q2-update.win32_1.4.0.202007081208/tools/bin/../lib/gcc/arm-none-eabi/7.3.1/thumb/v7-m/crtn.o
                0x0000000020005000                _estack = (ORIGIN (RAM) + LENGTH (RAM))
                0x0000000000000200                _Min_Heap_Size = 0x200
                0x0000000000000400                _Min_Stack_Size = 0x400

.isr_vector     0x0000000008000000      0x10c
                0x0000000008000000                . = ALIGN (0x4)
 *(.isr_vector)
 .isr_vector    0x0000000008000000      0x10c Core/Startup/startup_stm32f103c8tx.o
                0x0000000008000000                g_pfnVectors
                0x000000000800010c                . = ALIGN (0x4)

.text           0x000000000800010c     0x2da0
                0x000000000800010c                . = ALIGN (0x4)
 *(.text)
 .text          0x000000000800010c       0x40 d:/stm-ide/stm32cubeide_1.4.0/stm32cubeide/plugins/com.st.stm32cube.ide.mcu.externaltools.gnu-tools-for-stm32.7-2018-q2-update.win32_1.4.0.202007081208/tools/bin/../lib/gcc/arm-none-eabi/7.3.1/thumb/v7-m/crtbegin.o
 *(.text*)
 .text.stop     0x000000000800014c       0x48 Core/Src/main.o
                0x000000000800014c                stop
 .text.turn_back
                0x0000000008000194       0x4c Core/Src/main.o
                0x0000000008000194                turn_back
 .text.turn_right
                0x00000000080001e0       0x54 Core/Src/main.o
                0x00000000080001e0                turn_right
 .text.turn_left
                0x0000000008000234       0x54 Core/Src/main.o
                0x0000000008000234                turn_left
 .text.xuat_xung_PWM_straight
                0x0000000008000288       0x50 Core/Src/main.o
                0x0000000008000288                xuat_xung_PWM_straight
 .text.turn_left_BW
                0x00000000080002d8       0x4c Core/Src/main.o
                0x00000000080002d8                turn_left_BW
 .text.turn_right_BW
                0x0000000008000324       0x4c Core/Src/main.o
                0x0000000008000324                turn_right_BW
 .text.main     0x0000000008000370      0x124 Core/Src/main.o
                0x0000000008000370                main
 .text.SystemClock_Config
                0x0000000008000494       0x82 Core/Src/main.o
                0x0000000008000494                SystemClock_Config
 *fill*         0x0000000008000516        0x2 
 .text.MX_TIM3_Init
                0x0000000008000518      0x104 Core/Src/main.o
 .text.MX_USART1_UART_Init
                0x000000000800061c       0x54 Core/Src/main.o
 .text.MX_GPIO_Init
                0x0000000008000670       0x7c Core/Src/main.o
 .text.HAL_UART_RxCpltCallback
                0x00000000080006ec       0x80 Core/Src/main.o
                0x00000000080006ec                HAL_UART_RxCpltCallback
 .text.Error_Handler
                0x000000000800076c        0xc Core/Src/main.o
                0x000000000800076c                Error_Handler
 .text.HAL_MspInit
                0x0000000008000778       0x64 Core/Src/stm32f1xx_hal_msp.o
                0x0000000008000778                HAL_MspInit
 .text.HAL_TIM_Base_MspInit
                0x00000000080007dc       0x3c Core/Src/stm32f1xx_hal_msp.o
                0x00000000080007dc                HAL_TIM_Base_MspInit
 .text.HAL_TIM_MspPostInit
                0x0000000008000818       0x64 Core/Src/stm32f1xx_hal_msp.o
                0x0000000008000818                HAL_TIM_MspPostInit
 .text.HAL_UART_MspInit
                0x000000000800087c       0xa8 Core/Src/stm32f1xx_hal_msp.o
                0x000000000800087c                HAL_UART_MspInit
 .text.NMI_Handler
                0x0000000008000924        0xc Core/Src/stm32f1xx_it.o
                0x0000000008000924                NMI_Handler
 .text.HardFault_Handler
                0x0000000008000930        0x6 Core/Src/stm32f1xx_it.o
                0x0000000008000930                HardFault_Handler
 .text.MemManage_Handler
                0x0000000008000936        0x6 Core/Src/stm32f1xx_it.o
                0x0000000008000936                MemManage_Handler
 .text.BusFault_Handler
                0x000000000800093c        0x6 Core/Src/stm32f1xx_it.o
                0x000000000800093c                BusFault_Handler
 .text.UsageFault_Handler
                0x0000000008000942        0x6 Core/Src/stm32f1xx_it.o
                0x0000000008000942                UsageFault_Handler
 .text.SVC_Handler
                0x0000000008000948        0xc Core/Src/stm32f1xx_it.o
                0x0000000008000948                SVC_Handler
 .text.DebugMon_Handler
                0x0000000008000954        0xc Core/Src/stm32f1xx_it.o
                0x0000000008000954                DebugMon_Handler
 .text.PendSV_Handler
                0x0000000008000960        0xc Core/Src/stm32f1xx_it.o
                0x0000000008000960                PendSV_Handler
 .text.SysTick_Handler
                0x000000000800096c        0xc Core/Src/stm32f1xx_it.o
                0x000000000800096c                SysTick_Handler
 .text.USART1_IRQHandler
                0x0000000008000978       0x14 Core/Src/stm32f1xx_it.o
                0x0000000008000978                USART1_IRQHandler
 .text.SystemInit
                0x000000000800098c        0xc Core/Src/system_stm32f1xx.o
                0x000000000800098c                SystemInit
 .text.Reset_Handler
                0x0000000008000998       0x48 Core/Startup/startup_stm32f103c8tx.o
                0x0000000008000998                Reset_Handler
 .text.Default_Handler
                0x00000000080009e0        0x2 Core/Startup/startup_stm32f103c8tx.o
                0x00000000080009e0                RTC_Alarm_IRQHandler
                0x00000000080009e0                EXTI2_IRQHandler
                0x00000000080009e0                TIM1_CC_IRQHandler
                0x00000000080009e0                PVD_IRQHandler
                0x00000000080009e0                EXTI3_IRQHandler
                0x00000000080009e0                EXTI0_IRQHandler
                0x00000000080009e0                I2C2_EV_IRQHandler
                0x00000000080009e0                ADC1_2_IRQHandler
                0x00000000080009e0                SPI1_IRQHandler
                0x00000000080009e0                TAMPER_IRQHandler
                0x00000000080009e0                DMA1_Channel4_IRQHandler
                0x00000000080009e0                USART3_IRQHandler
                0x00000000080009e0                RTC_IRQHandler
                0x00000000080009e0                DMA1_Channel7_IRQHandler
                0x00000000080009e0                CAN1_RX1_IRQHandler
                0x00000000080009e0                TIM4_IRQHandler
                0x00000000080009e0                I2C1_EV_IRQHandler
                0x00000000080009e0                DMA1_Channel6_IRQHandler
                0x00000000080009e0                TIM3_IRQHandler
                0x00000000080009e0                RCC_IRQHandler
                0x00000000080009e0                TIM1_TRG_COM_IRQHandler
                0x00000000080009e0                DMA1_Channel1_IRQHandler
                0x00000000080009e0                Default_Handler
                0x00000000080009e0                EXTI15_10_IRQHandler
                0x00000000080009e0                EXTI9_5_IRQHandler
                0x00000000080009e0                SPI2_IRQHandler
                0x00000000080009e0                DMA1_Channel5_IRQHandler
                0x00000000080009e0                EXTI4_IRQHandler
                0x00000000080009e0                USB_LP_CAN1_RX0_IRQHandler
                0x00000000080009e0                USB_HP_CAN1_TX_IRQHandler
                0x00000000080009e0                DMA1_Channel3_IRQHandler
                0x00000000080009e0                TIM1_UP_IRQHandler
                0x00000000080009e0                WWDG_IRQHandler
                0x00000000080009e0                TIM2_IRQHandler
                0x00000000080009e0                TIM1_BRK_IRQHandler
                0x00000000080009e0                EXTI1_IRQHandler
                0x00000000080009e0                USART2_IRQHandler
                0x00000000080009e0                I2C2_ER_IRQHandler
                0x00000000080009e0                DMA1_Channel2_IRQHandler
                0x00000000080009e0                CAN1_SCE_IRQHandler
                0x00000000080009e0                FLASH_IRQHandler
                0x00000000080009e0                I2C1_ER_IRQHandler
                0x00000000080009e0                USBWakeUp_IRQHandler
 *fill*         0x00000000080009e2        0x2 
 .text.HAL_Init
                0x00000000080009e4       0x2c Drivers/STM32F1xx_HAL_Driver/Src/stm32f1xx_hal.o
                0x00000000080009e4                HAL_Init
 .text.HAL_InitTick
                0x0000000008000a10       0x60 Drivers/STM32F1xx_HAL_Driver/Src/stm32f1xx_hal.o
                0x0000000008000a10                HAL_InitTick
 .text.HAL_IncTick
                0x0000000008000a70       0x24 Drivers/STM32F1xx_HAL_Driver/Src/stm32f1xx_hal.o
                0x0000000008000a70                HAL_IncTick
 .text.HAL_GetTick
                0x0000000008000a94       0x14 Drivers/STM32F1xx_HAL_Driver/Src/stm32f1xx_hal.o
                0x0000000008000a94                HAL_GetTick
 .text.HAL_Delay
                0x0000000008000aa8       0x44 Drivers/STM32F1xx_HAL_Driver/Src/stm32f1xx_hal.o
                0x0000000008000aa8                HAL_Delay
 .text.__NVIC_SetPriorityGrouping
                0x0000000008000aec       0x48 Drivers/STM32F1xx_HAL_Driver/Src/stm32f1xx_hal_cortex.o
 .text.__NVIC_GetPriorityGrouping
                0x0000000008000b34       0x1c Drivers/STM32F1xx_HAL_Driver/Src/stm32f1xx_hal_cortex.o
 .text.__NVIC_EnableIRQ
                0x0000000008000b50       0x38 Drivers/STM32F1xx_HAL_Driver/Src/stm32f1xx_hal_cortex.o
 .text.__NVIC_SetPriority
                0x0000000008000b88       0x54 Drivers/STM32F1xx_HAL_Driver/Src/stm32f1xx_hal_cortex.o
 .text.NVIC_EncodePriority
                0x0000000008000bdc       0x64 Drivers/STM32F1xx_HAL_Driver/Src/stm32f1xx_hal_cortex.o
 .text.SysTick_Config
                0x0000000008000c40       0x44 Drivers/STM32F1xx_HAL_Driver/Src/stm32f1xx_hal_cortex.o
 .text.HAL_NVIC_SetPriorityGrouping
                0x0000000008000c84       0x16 Drivers/STM32F1xx_HAL_Driver/Src/stm32f1xx_hal_cortex.o
                0x0000000008000c84                HAL_NVIC_SetPriorityGrouping
 .text.HAL_NVIC_SetPriority
                0x0000000008000c9a       0x38 Drivers/STM32F1xx_HAL_Driver/Src/stm32f1xx_hal_cortex.o
                0x0000000008000c9a                HAL_NVIC_SetPriority
 .text.HAL_NVIC_EnableIRQ
                0x0000000008000cd2       0x1c Drivers/STM32F1xx_HAL_Driver/Src/stm32f1xx_hal_cortex.o
                0x0000000008000cd2                HAL_NVIC_EnableIRQ
 .text.HAL_SYSTICK_Config
                0x0000000008000cee       0x18 Drivers/STM32F1xx_HAL_Driver/Src/stm32f1xx_hal_cortex.o
                0x0000000008000cee                HAL_SYSTICK_Config
 *fill*         0x0000000008000d06        0x2 
 .text.HAL_DMA_Abort_IT
                0x0000000008000d08       0xec Drivers/STM32F1xx_HAL_Driver/Src/stm32f1xx_hal_dma.o
                0x0000000008000d08                HAL_DMA_Abort_IT
 .text.HAL_GPIO_Init
                0x0000000008000df4      0x2b4 Drivers/STM32F1xx_HAL_Driver/Src/stm32f1xx_hal_gpio.o
                0x0000000008000df4                HAL_GPIO_Init
 .text.HAL_GPIO_WritePin
                0x00000000080010a8       0x30 Drivers/STM32F1xx_HAL_Driver/Src/stm32f1xx_hal_gpio.o
                0x00000000080010a8                HAL_GPIO_WritePin
 .text.HAL_RCC_OscConfig
                0x00000000080010d8      0x500 Drivers/STM32F1xx_HAL_Driver/Src/stm32f1xx_hal_rcc.o
                0x00000000080010d8                HAL_RCC_OscConfig
 .text.HAL_RCC_ClockConfig
                0x00000000080015d8      0x1d4 Drivers/STM32F1xx_HAL_Driver/Src/stm32f1xx_hal_rcc.o
                0x00000000080015d8                HAL_RCC_ClockConfig
 .text.HAL_RCC_GetSysClockFreq
                0x00000000080017ac       0xc4 Drivers/STM32F1xx_HAL_Driver/Src/stm32f1xx_hal_rcc.o
                0x00000000080017ac                HAL_RCC_GetSysClockFreq
 .text.HAL_RCC_GetHCLKFreq
                0x0000000008001870       0x14 Drivers/STM32F1xx_HAL_Driver/Src/stm32f1xx_hal_rcc.o
                0x0000000008001870                HAL_RCC_GetHCLKFreq
 .text.HAL_RCC_GetPCLK1Freq
                0x0000000008001884       0x28 Drivers/STM32F1xx_HAL_Driver/Src/stm32f1xx_hal_rcc.o
                0x0000000008001884                HAL_RCC_GetPCLK1Freq
 .text.HAL_RCC_GetPCLK2Freq
                0x00000000080018ac       0x28 Drivers/STM32F1xx_HAL_Driver/Src/stm32f1xx_hal_rcc.o
                0x00000000080018ac                HAL_RCC_GetPCLK2Freq
 .text.RCC_Delay
                0x00000000080018d4       0x3c Drivers/STM32F1xx_HAL_Driver/Src/stm32f1xx_hal_rcc.o
 .text.HAL_TIM_Base_Init
                0x0000000008001910       0x9e Drivers/STM32F1xx_HAL_Driver/Src/stm32f1xx_hal_tim.o
                0x0000000008001910                HAL_TIM_Base_Init
 .text.HAL_TIM_PWM_Init
                0x00000000080019ae       0x9e Drivers/STM32F1xx_HAL_Driver/Src/stm32f1xx_hal_tim.o
                0x00000000080019ae                HAL_TIM_PWM_Init
 .text.HAL_TIM_PWM_MspInit
                0x0000000008001a4c       0x12 Drivers/STM32F1xx_HAL_Driver/Src/stm32f1xx_hal_tim.o
                0x0000000008001a4c                HAL_TIM_PWM_MspInit
 *fill*         0x0000000008001a5e        0x2 
 .text.HAL_TIM_PWM_Start
                0x0000000008001a60      0x144 Drivers/STM32F1xx_HAL_Driver/Src/stm32f1xx_hal_tim.o
                0x0000000008001a60                HAL_TIM_PWM_Start
 .text.HAL_TIM_PWM_ConfigChannel
                0x0000000008001ba4      0x17c Drivers/STM32F1xx_HAL_Driver/Src/stm32f1xx_hal_tim.o
                0x0000000008001ba4                HAL_TIM_PWM_ConfigChannel
 .text.HAL_TIM_ConfigClockSource
                0x0000000008001d20      0x16e Drivers/STM32F1xx_HAL_Driver/Src/stm32f1xx_hal_tim.o
                0x0000000008001d20                HAL_TIM_ConfigClockSource
 *fill*         0x0000000008001e8e        0x2 
 .text.TIM_Base_SetConfig
                0x0000000008001e90       0xc4 Drivers/STM32F1xx_HAL_Driver/Src/stm32f1xx_hal_tim.o
                0x0000000008001e90                TIM_Base_SetConfig
 .text.TIM_OC1_SetConfig
                0x0000000008001f54       0xcc Drivers/STM32F1xx_HAL_Driver/Src/stm32f1xx_hal_tim.o
 .text.TIM_OC2_SetConfig
                0x0000000008002020       0xd4 Drivers/STM32F1xx_HAL_Driver/Src/stm32f1xx_hal_tim.o
                0x0000000008002020                TIM_OC2_SetConfig
 .text.TIM_OC3_SetConfig
                0x00000000080020f4       0xd4 Drivers/STM32F1xx_HAL_Driver/Src/stm32f1xx_hal_tim.o
 .text.TIM_OC4_SetConfig
                0x00000000080021c8       0x9c Drivers/STM32F1xx_HAL_Driver/Src/stm32f1xx_hal_tim.o
 .text.TIM_TI1_ConfigInputStage
                0x0000000008002264       0x5c Drivers/STM32F1xx_HAL_Driver/Src/stm32f1xx_hal_tim.o
 .text.TIM_TI2_ConfigInputStage
                0x00000000080022c0       0x5e Drivers/STM32F1xx_HAL_Driver/Src/stm32f1xx_hal_tim.o
 .text.TIM_ITRx_SetConfig
                0x000000000800231e       0x34 Drivers/STM32F1xx_HAL_Driver/Src/stm32f1xx_hal_tim.o
 .text.TIM_ETR_SetConfig
                0x0000000008002352       0x3e Drivers/STM32F1xx_HAL_Driver/Src/stm32f1xx_hal_tim.o
                0x0000000008002352                TIM_ETR_SetConfig
 .text.TIM_CCxChannelCmd
                0x0000000008002390       0x48 Drivers/STM32F1xx_HAL_Driver/Src/stm32f1xx_hal_tim.o
                0x0000000008002390                TIM_CCxChannelCmd
 .text.HAL_TIMEx_MasterConfigSynchronization
                0x00000000080023d8       0xbc Drivers/STM32F1xx_HAL_Driver/Src/stm32f1xx_hal_tim_ex.o
                0x00000000080023d8                HAL_TIMEx_MasterConfigSynchronization
 .text.HAL_UART_Init
                0x0000000008002494       0x9a Drivers/STM32F1xx_HAL_Driver/Src/stm32f1xx_hal_uart.o
                0x0000000008002494                HAL_UART_Init
 .text.HAL_UART_Transmit
                0x000000000800252e      0x124 Drivers/STM32F1xx_HAL_Driver/Src/stm32f1xx_hal_uart.o
                0x000000000800252e                HAL_UART_Transmit
 .text.HAL_UART_Receive
                0x0000000008002652      0x13e Drivers/STM32F1xx_HAL_Driver/Src/stm32f1xx_hal_uart.o
                0x0000000008002652                HAL_UART_Receive
 .text.HAL_UART_Receive_IT
                0x0000000008002790       0xa8 Drivers/STM32F1xx_HAL_Driver/Src/stm32f1xx_hal_uart.o
                0x0000000008002790                HAL_UART_Receive_IT
 .text.HAL_UART_IRQHandler
                0x0000000008002838      0x200 Drivers/STM32F1xx_HAL_Driver/Src/stm32f1xx_hal_uart.o
                0x0000000008002838                HAL_UART_IRQHandler
 .text.HAL_UART_TxCpltCallback
                0x0000000008002a38       0x12 Drivers/STM32F1xx_HAL_Driver/Src/stm32f1xx_hal_uart.o
                0x0000000008002a38                HAL_UART_TxCpltCallback
 .text.HAL_UART_ErrorCallback
                0x0000000008002a4a       0x12 Drivers/STM32F1xx_HAL_Driver/Src/stm32f1xx_hal_uart.o
                0x0000000008002a4a                HAL_UART_ErrorCallback
 .text.UART_WaitOnFlagUntilTimeout
                0x0000000008002a5c       0x94 Drivers/STM32F1xx_HAL_Driver/Src/stm32f1xx_hal_uart.o
 .text.UART_EndRxTransfer
                0x0000000008002af0       0x3a Drivers/STM32F1xx_HAL_Driver/Src/stm32f1xx_hal_uart.o
 .text.UART_DMAAbortOnError
                0x0000000008002b2a       0x28 Drivers/STM32F1xx_HAL_Driver/Src/stm32f1xx_hal_uart.o
 .text.UART_Transmit_IT
                0x0000000008002b52       0x9e Drivers/STM32F1xx_HAL_Driver/Src/stm32f1xx_hal_uart.o
 .text.UART_EndTransmit_IT
                0x0000000008002bf0       0x30 Drivers/STM32F1xx_HAL_Driver/Src/stm32f1xx_hal_uart.o
 .text.UART_Receive_IT
                0x0000000008002c20      0x100 Drivers/STM32F1xx_HAL_Driver/Src/stm32f1xx_hal_uart.o
 .text.UART_SetConfig
                0x0000000008002d20      0x11c Drivers/STM32F1xx_HAL_Driver/Src/stm32f1xx_hal_uart.o
 .text.__libc_init_array
                0x0000000008002e3c       0x48 d:/stm-ide/stm32cubeide_1.4.0/stm32cubeide/plugins/com.st.stm32cube.ide.mcu.externaltools.gnu-tools-for-stm32.7-2018-q2-update.win32_1.4.0.202007081208/tools/bin/../lib/gcc/arm-none-eabi/7.3.1/../../../../arm-none-eabi/lib/thumb/v7-m\libc_nano.a(lib_a-init.o)
                0x0000000008002e3c                __libc_init_array
 .text.memset   0x0000000008002e84       0x10 d:/stm-ide/stm32cubeide_1.4.0/stm32cubeide/plugins/com.st.stm32cube.ide.mcu.externaltools.gnu-tools-for-stm32.7-2018-q2-update.win32_1.4.0.202007081208/tools/bin/../lib/gcc/arm-none-eabi/7.3.1/../../../../arm-none-eabi/lib/thumb/v7-m\libc_nano.a(lib_a-memset.o)
                0x0000000008002e84                memset
 *(.glue_7)
 .glue_7        0x0000000008002e94        0x0 linker stubs
 *(.glue_7t)
 .glue_7t       0x0000000008002e94        0x0 linker stubs
 *(.eh_frame)
 .eh_frame      0x0000000008002e94        0x0 d:/stm-ide/stm32cubeide_1.4.0/stm32cubeide/plugins/com.st.stm32cube.ide.mcu.externaltools.gnu-tools-for-stm32.7-2018-q2-update.win32_1.4.0.202007081208/tools/bin/../lib/gcc/arm-none-eabi/7.3.1/thumb/v7-m/crtbegin.o
 *(.init)
 .init          0x0000000008002e94        0x4 d:/stm-ide/stm32cubeide_1.4.0/stm32cubeide/plugins/com.st.stm32cube.ide.mcu.externaltools.gnu-tools-for-stm32.7-2018-q2-update.win32_1.4.0.202007081208/tools/bin/../lib/gcc/arm-none-eabi/7.3.1/thumb/v7-m/crti.o
                0x0000000008002e94                _init
 .init          0x0000000008002e98        0x8 d:/stm-ide/stm32cubeide_1.4.0/stm32cubeide/plugins/com.st.stm32cube.ide.mcu.externaltools.gnu-tools-for-stm32.7-2018-q2-update.win32_1.4.0.202007081208/tools/bin/../lib/gcc/arm-none-eabi/7.3.1/thumb/v7-m/crtn.o
 *(.fini)
 .fini          0x0000000008002ea0        0x4 d:/stm-ide/stm32cubeide_1.4.0/stm32cubeide/plugins/com.st.stm32cube.ide.mcu.externaltools.gnu-tools-for-stm32.7-2018-q2-update.win32_1.4.0.202007081208/tools/bin/../lib/gcc/arm-none-eabi/7.3.1/thumb/v7-m/crti.o
                0x0000000008002ea0                _fini
 .fini          0x0000000008002ea4        0x8 d:/stm-ide/stm32cubeide_1.4.0/stm32cubeide/plugins/com.st.stm32cube.ide.mcu.externaltools.gnu-tools-for-stm32.7-2018-q2-update.win32_1.4.0.202007081208/tools/bin/../lib/gcc/arm-none-eabi/7.3.1/thumb/v7-m/crtn.o
                0x0000000008002eac                . = ALIGN (0x4)
                0x0000000008002eac                _etext = .

.vfp11_veneer   0x0000000008002eac        0x0
 .vfp11_veneer  0x0000000008002eac        0x0 linker stubs

.v4_bx          0x0000000008002eac        0x0
 .v4_bx         0x0000000008002eac        0x0 linker stubs

.iplt           0x0000000008002eac        0x0
 .iplt          0x0000000008002eac        0x0 d:/stm-ide/stm32cubeide_1.4.0/stm32cubeide/plugins/com.st.stm32cube.ide.mcu.externaltools.gnu-tools-for-stm32.7-2018-q2-update.win32_1.4.0.202007081208/tools/bin/../lib/gcc/arm-none-eabi/7.3.1/thumb/v7-m/crtbegin.o

.rodata         0x0000000008002eac       0x2c
                0x0000000008002eac                . = ALIGN (0x4)
 *(.rodata)
 .rodata        0x0000000008002eac       0x12 Drivers/STM32F1xx_HAL_Driver/Src/stm32f1xx_hal_rcc.o
 *(.rodata*)
 *fill*         0x0000000008002ebe        0x2 
 .rodata.AHBPrescTable
                0x0000000008002ec0       0x10 Core/Src/system_stm32f1xx.o
                0x0000000008002ec0                AHBPrescTable
 .rodata.APBPrescTable
                0x0000000008002ed0        0x8 Core/Src/system_stm32f1xx.o
                0x0000000008002ed0                APBPrescTable
                0x0000000008002ed8                . = ALIGN (0x4)

.rel.dyn        0x0000000008002ed8        0x0
 .rel.iplt      0x0000000008002ed8        0x0 d:/stm-ide/stm32cubeide_1.4.0/stm32cubeide/plugins/com.st.stm32cube.ide.mcu.externaltools.gnu-tools-for-stm32.7-2018-q2-update.win32_1.4.0.202007081208/tools/bin/../lib/gcc/arm-none-eabi/7.3.1/thumb/v7-m/crtbegin.o

.ARM.extab      0x0000000008002ed8        0x0
                0x0000000008002ed8                . = ALIGN (0x4)
 *(.ARM.extab* .gnu.linkonce.armextab.*)
                0x0000000008002ed8                . = ALIGN (0x4)

.ARM            0x0000000008002ed8        0x0
                0x0000000008002ed8                . = ALIGN (0x4)
                0x0000000008002ed8                __exidx_start = .
 *(.ARM.exidx*)
                0x0000000008002ed8                __exidx_end = .
                0x0000000008002ed8                . = ALIGN (0x4)

.preinit_array  0x0000000008002ed8        0x0
                0x0000000008002ed8                . = ALIGN (0x4)
                0x0000000008002ed8                PROVIDE (__preinit_array_start = .)
 *(.preinit_array*)
                0x0000000008002ed8                PROVIDE (__preinit_array_end = .)
                0x0000000008002ed8                . = ALIGN (0x4)

.init_array     0x0000000008002ed8        0x4
                0x0000000008002ed8                . = ALIGN (0x4)
                0x0000000008002ed8                PROVIDE (__init_array_start = .)
 *(SORT_BY_NAME(.init_array.*))
 *(.init_array*)
 .init_array    0x0000000008002ed8        0x4 d:/stm-ide/stm32cubeide_1.4.0/stm32cubeide/plugins/com.st.stm32cube.ide.mcu.externaltools.gnu-tools-for-stm32.7-2018-q2-update.win32_1.4.0.202007081208/tools/bin/../lib/gcc/arm-none-eabi/7.3.1/thumb/v7-m/crtbegin.o
                0x0000000008002edc                PROVIDE (__init_array_end = .)
                0x0000000008002edc                . = ALIGN (0x4)

.fini_array     0x0000000008002edc        0x4
                0x0000000008002edc                . = ALIGN (0x4)
                [!provide]                        PROVIDE (__fini_array_start = .)
 *(SORT_BY_NAME(.fini_array.*))
 *(.fini_array*)
 .fini_array    0x0000000008002edc        0x4 d:/stm-ide/stm32cubeide_1.4.0/stm32cubeide/plugins/com.st.stm32cube.ide.mcu.externaltools.gnu-tools-for-stm32.7-2018-q2-update.win32_1.4.0.202007081208/tools/bin/../lib/gcc/arm-none-eabi/7.3.1/thumb/v7-m/crtbegin.o
                [!provide]                        PROVIDE (__fini_array_end = .)
                0x0000000008002ee0                . = ALIGN (0x4)
                0x0000000008002ee0                _sidata = LOADADDR (.data)

.data           0x0000000020000000       0x14 load address 0x0000000008002ee0
                0x0000000020000000                . = ALIGN (0x4)
                0x0000000020000000                _sdata = .
 *(.data)
 *(.data*)
 .data.speed    0x0000000020000000        0x2 Core/Src/main.o
                0x0000000020000000                speed
 .data.speed_l  0x0000000020000002        0x2 Core/Src/main.o
                0x0000000020000002                speed_l
 .data.speed_h  0x0000000020000004        0x2 Core/Src/main.o
                0x0000000020000004                speed_h
 *fill*         0x0000000020000006        0x2 
 .data.SystemCoreClock
                0x0000000020000008        0x4 Core/Src/system_stm32f1xx.o
                0x0000000020000008                SystemCoreClock
 .data.uwTickPrio
                0x000000002000000c        0x4 Drivers/STM32F1xx_HAL_Driver/Src/stm32f1xx_hal.o
                0x000000002000000c                uwTickPrio
 .data.uwTickFreq
                0x0000000020000010        0x1 Drivers/STM32F1xx_HAL_Driver/Src/stm32f1xx_hal.o
                0x0000000020000010                uwTickFreq
                0x0000000020000014                . = ALIGN (0x4)
 *fill*         0x0000000020000011        0x3 
                0x0000000020000014                _edata = .

.igot.plt       0x0000000020000014        0x0 load address 0x0000000008002ef4
 .igot.plt      0x0000000020000014        0x0 d:/stm-ide/stm32cubeide_1.4.0/stm32cubeide/plugins/com.st.stm32cube.ide.mcu.externaltools.gnu-tools-for-stm32.7-2018-q2-update.win32_1.4.0.202007081208/tools/bin/../lib/gcc/arm-none-eabi/7.3.1/thumb/v7-m/crtbegin.o
                0x0000000020000014                . = ALIGN (0x4)

.bss            0x0000000020000014       0xb0 load address 0x0000000008002ef4
                0x0000000020000014                _sbss = .
                0x0000000020000014                __bss_start__ = _sbss
 *(.bss)
 .bss           0x0000000020000014       0x1c d:/stm-ide/stm32cubeide_1.4.0/stm32cubeide/plugins/com.st.stm32cube.ide.mcu.externaltools.gnu-tools-for-stm32.7-2018-q2-update.win32_1.4.0.202007081208/tools/bin/../lib/gcc/arm-none-eabi/7.3.1/thumb/v7-m/crtbegin.o
 *(.bss*)
 .bss.dieu_khien
                0x0000000020000030        0x1 Core/Src/main.o
                0x0000000020000030                dieu_khien
 *(COMMON)
 *fill*         0x0000000020000031        0x3 
 COMMON         0x0000000020000034       0x8c Core/Src/main.o
                0x0000000020000034                uart_nhan
                0x0000000020000038                htim3
                0x0000000020000080                huart1
 COMMON         0x00000000200000c0        0x4 Drivers/STM32F1xx_HAL_Driver/Src/stm32f1xx_hal.o
                0x00000000200000c0                uwTick
                0x00000000200000c4                . = ALIGN (0x4)
                0x00000000200000c4                _ebss = .
                0x00000000200000c4                __bss_end__ = _ebss

._user_heap_stack
                0x00000000200000c4      0x604 load address 0x0000000008002ef4
                0x00000000200000c8                . = ALIGN (0x8)
 *fill*         0x00000000200000c4        0x4 
                [!provide]                        PROVIDE (end = .)
                0x00000000200000c8                PROVIDE (_end = .)
                0x00000000200002c8                . = (. + _Min_Heap_Size)
 *fill*         0x00000000200000c8      0x200 
                0x00000000200006c8                . = (. + _Min_Stack_Size)
 *fill*         0x00000000200002c8      0x400 
                0x00000000200006c8                . = ALIGN (0x8)

/DISCARD/
 libc.a(*)
 libm.a(*)
 libgcc.a(*)

.ARM.attributes
                0x0000000000000000       0x29
 *(.ARM.attributes)
 .ARM.attributes
                0x0000000000000000       0x1d d:/stm-ide/stm32cubeide_1.4.0/stm32cubeide/plugins/com.st.stm32cube.ide.mcu.externaltools.gnu-tools-for-stm32.7-2018-q2-update.win32_1.4.0.202007081208/tools/bin/../lib/gcc/arm-none-eabi/7.3.1/thumb/v7-m/crti.o
 .ARM.attributes
                0x000000000000001d       0x2d d:/stm-ide/stm32cubeide_1.4.0/stm32cubeide/plugins/com.st.stm32cube.ide.mcu.externaltools.gnu-tools-for-stm32.7-2018-q2-update.win32_1.4.0.202007081208/tools/bin/../lib/gcc/arm-none-eabi/7.3.1/thumb/v7-m/crtbegin.o
 .ARM.attributes
                0x000000000000004a       0x33 Core/Src/main.o
 .ARM.attributes
                0x000000000000007d       0x33 Core/Src/stm32f1xx_hal_msp.o
 .ARM.attributes
                0x00000000000000b0       0x33 Core/Src/stm32f1xx_it.o
 .ARM.attributes
                0x00000000000000e3       0x33 Core/Src/system_stm32f1xx.o
 .ARM.attributes
                0x0000000000000116       0x21 Core/Startup/startup_stm32f103c8tx.o
 .ARM.attributes
                0x0000000000000137       0x33 Drivers/STM32F1xx_HAL_Driver/Src/stm32f1xx_hal.o
 .ARM.attributes
                0x000000000000016a       0x33 Drivers/STM32F1xx_HAL_Driver/Src/stm32f1xx_hal_cortex.o
 .ARM.attributes
                0x000000000000019d       0x33 Drivers/STM32F1xx_HAL_Driver/Src/stm32f1xx_hal_dma.o
 .ARM.attributes
                0x00000000000001d0       0x33 Drivers/STM32F1xx_HAL_Driver/Src/stm32f1xx_hal_gpio.o
 .ARM.attributes
                0x0000000000000203       0x33 Drivers/STM32F1xx_HAL_Driver/Src/stm32f1xx_hal_rcc.o
 .ARM.attributes
                0x0000000000000236       0x33 Drivers/STM32F1xx_HAL_Driver/Src/stm32f1xx_hal_tim.o
 .ARM.attributes
                0x0000000000000269       0x33 Drivers/STM32F1xx_HAL_Driver/Src/stm32f1xx_hal_tim_ex.o
 .ARM.attributes
                0x000000000000029c       0x33 Drivers/STM32F1xx_HAL_Driver/Src/stm32f1xx_hal_uart.o
 .ARM.attributes
                0x00000000000002cf       0x2d d:/stm-ide/stm32cubeide_1.4.0/stm32cubeide/plugins/com.st.stm32cube.ide.mcu.externaltools.gnu-tools-for-stm32.7-2018-q2-update.win32_1.4.0.202007081208/tools/bin/../lib/gcc/arm-none-eabi/7.3.1/../../../../arm-none-eabi/lib/thumb/v7-m\libc_nano.a(lib_a-init.o)
 .ARM.attributes
                0x00000000000002fc       0x2d d:/stm-ide/stm32cubeide_1.4.0/stm32cubeide/plugins/com.st.stm32cube.ide.mcu.externaltools.gnu-tools-for-stm32.7-2018-q2-update.win32_1.4.0.202007081208/tools/bin/../lib/gcc/arm-none-eabi/7.3.1/../../../../arm-none-eabi/lib/thumb/v7-m\libc_nano.a(lib_a-memset.o)
 .ARM.attributes
                0x0000000000000329       0x1d d:/stm-ide/stm32cubeide_1.4.0/stm32cubeide/plugins/com.st.stm32cube.ide.mcu.externaltools.gnu-tools-for-stm32.7-2018-q2-update.win32_1.4.0.202007081208/tools/bin/../lib/gcc/arm-none-eabi/7.3.1/thumb/v7-m/crtn.o
OUTPUT(xecuoikhoa.elf elf32-littlearm)

.debug_info     0x0000000000000000     0x9b70
 .debug_info    0x0000000000000000      0xf04 Core/Src/main.o
 .debug_info    0x0000000000000f04      0xd3a Core/Src/stm32f1xx_hal_msp.o
 .debug_info    0x0000000000001c3e      0x63d Core/Src/stm32f1xx_it.o
 .debug_info    0x000000000000227b      0x29a Core/Src/system_stm32f1xx.o
 .debug_info    0x0000000000002515       0x22 Core/Startup/startup_stm32f103c8tx.o
 .debug_info    0x0000000000002537      0x714 Drivers/STM32F1xx_HAL_Driver/Src/stm32f1xx_hal.o
 .debug_info    0x0000000000002c4b      0xb51 Drivers/STM32F1xx_HAL_Driver/Src/stm32f1xx_hal_cortex.o
 .debug_info    0x000000000000379c      0x7b1 Drivers/STM32F1xx_HAL_Driver/Src/stm32f1xx_hal_dma.o
 .debug_info    0x0000000000003f4d      0x69b Drivers/STM32F1xx_HAL_Driver/Src/stm32f1xx_hal_gpio.o
 .debug_info    0x00000000000045e8      0x80f Drivers/STM32F1xx_HAL_Driver/Src/stm32f1xx_hal_rcc.o
 .debug_info    0x0000000000004df7     0x27ef Drivers/STM32F1xx_HAL_Driver/Src/stm32f1xx_hal_tim.o
 .debug_info    0x00000000000075e6     0x136f Drivers/STM32F1xx_HAL_Driver/Src/stm32f1xx_hal_tim_ex.o
 .debug_info    0x0000000000008955     0x121b Drivers/STM32F1xx_HAL_Driver/Src/stm32f1xx_hal_uart.o

.debug_abbrev   0x0000000000000000     0x17e3
 .debug_abbrev  0x0000000000000000      0x24f Core/Src/main.o
 .debug_abbrev  0x000000000000024f      0x1c0 Core/Src/stm32f1xx_hal_msp.o
 .debug_abbrev  0x000000000000040f      0x149 Core/Src/stm32f1xx_it.o
 .debug_abbrev  0x0000000000000558      0x134 Core/Src/system_stm32f1xx.o
 .debug_abbrev  0x000000000000068c       0x12 Core/Startup/startup_stm32f103c8tx.o
 .debug_abbrev  0x000000000000069e      0x1c7 Drivers/STM32F1xx_HAL_Driver/Src/stm32f1xx_hal.o
 .debug_abbrev  0x0000000000000865      0x2d5 Drivers/STM32F1xx_HAL_Driver/Src/stm32f1xx_hal_cortex.o
 .debug_abbrev  0x0000000000000b3a      0x1fe Drivers/STM32F1xx_HAL_Driver/Src/stm32f1xx_hal_dma.o
 .debug_abbrev  0x0000000000000d38      0x1c0 Drivers/STM32F1xx_HAL_Driver/Src/stm32f1xx_hal_gpio.o
 .debug_abbrev  0x0000000000000ef8      0x243 Drivers/STM32F1xx_HAL_Driver/Src/stm32f1xx_hal_rcc.o
 .debug_abbrev  0x000000000000113b      0x230 Drivers/STM32F1xx_HAL_Driver/Src/stm32f1xx_hal_tim.o
 .debug_abbrev  0x000000000000136b      0x236 Drivers/STM32F1xx_HAL_Driver/Src/stm32f1xx_hal_tim_ex.o
 .debug_abbrev  0x00000000000015a1      0x242 Drivers/STM32F1xx_HAL_Driver/Src/stm32f1xx_hal_uart.o

.debug_aranges  0x0000000000000000      0xbd8
 .debug_aranges
                0x0000000000000000       0x88 Core/Src/main.o
 .debug_aranges
                0x0000000000000088       0x48 Core/Src/stm32f1xx_hal_msp.o
 .debug_aranges
                0x00000000000000d0       0x68 Core/Src/stm32f1xx_it.o
 .debug_aranges
                0x0000000000000138       0x28 Core/Src/system_stm32f1xx.o
 .debug_aranges
                0x0000000000000160       0x28 Core/Startup/startup_stm32f103c8tx.o
 .debug_aranges
                0x0000000000000188       0xe0 Drivers/STM32F1xx_HAL_Driver/Src/stm32f1xx_hal.o
 .debug_aranges
                0x0000000000000268      0x100 Drivers/STM32F1xx_HAL_Driver/Src/stm32f1xx_hal_cortex.o
 .debug_aranges
                0x0000000000000368       0x80 Drivers/STM32F1xx_HAL_Driver/Src/stm32f1xx_hal_dma.o
 .debug_aranges
                0x00000000000003e8       0x58 Drivers/STM32F1xx_HAL_Driver/Src/stm32f1xx_hal_gpio.o
 .debug_aranges
                0x0000000000000440       0x90 Drivers/STM32F1xx_HAL_Driver/Src/stm32f1xx_hal_rcc.o
 .debug_aranges
                0x00000000000004d0      0x3d0 Drivers/STM32F1xx_HAL_Driver/Src/stm32f1xx_hal_tim.o
 .debug_aranges
                0x00000000000008a0      0x168 Drivers/STM32F1xx_HAL_Driver/Src/stm32f1xx_hal_tim_ex.o
 .debug_aranges
                0x0000000000000a08      0x1d0 Drivers/STM32F1xx_HAL_Driver/Src/stm32f1xx_hal_uart.o

.debug_ranges   0x0000000000000000      0xb10
 .debug_ranges  0x0000000000000000       0x78 Core/Src/main.o
 .debug_ranges  0x0000000000000078       0x38 Core/Src/stm32f1xx_hal_msp.o
 .debug_ranges  0x00000000000000b0       0x58 Core/Src/stm32f1xx_it.o
 .debug_ranges  0x0000000000000108       0x18 Core/Src/system_stm32f1xx.o
 .debug_ranges  0x0000000000000120       0x20 Core/Startup/startup_stm32f103c8tx.o
 .debug_ranges  0x0000000000000140       0xd0 Drivers/STM32F1xx_HAL_Driver/Src/stm32f1xx_hal.o
 .debug_ranges  0x0000000000000210       0xf0 Drivers/STM32F1xx_HAL_Driver/Src/stm32f1xx_hal_cortex.o
 .debug_ranges  0x0000000000000300       0x70 Drivers/STM32F1xx_HAL_Driver/Src/stm32f1xx_hal_dma.o
 .debug_ranges  0x0000000000000370       0x48 Drivers/STM32F1xx_HAL_Driver/Src/stm32f1xx_hal_gpio.o
 .debug_ranges  0x00000000000003b8       0x80 Drivers/STM32F1xx_HAL_Driver/Src/stm32f1xx_hal_rcc.o
 .debug_ranges  0x0000000000000438      0x3c0 Drivers/STM32F1xx_HAL_Driver/Src/stm32f1xx_hal_tim.o
 .debug_ranges  0x00000000000007f8      0x158 Drivers/STM32F1xx_HAL_Driver/Src/stm32f1xx_hal_tim_ex.o
 .debug_ranges  0x0000000000000950      0x1c0 Drivers/STM32F1xx_HAL_Driver/Src/stm32f1xx_hal_uart.o

.debug_macro    0x0000000000000000    0x16b24
 .debug_macro   0x0000000000000000      0x1ad Core/Src/main.o
 .debug_macro   0x00000000000001ad      0xa5a Core/Src/main.o
 .debug_macro   0x0000000000000c07      0x21b Core/Src/main.o
 .debug_macro   0x0000000000000e22       0x2e Core/Src/main.o
 .debug_macro   0x0000000000000e50       0x22 Core/Src/main.o
 .debug_macro   0x0000000000000e72       0x22 Core/Src/main.o
 .debug_macro   0x0000000000000e94       0x8e Core/Src/main.o
 .debug_macro   0x0000000000000f22       0x51 Core/Src/main.o
 .debug_macro   0x0000000000000f73       0xef Core/Src/main.o
 .debug_macro   0x0000000000001062       0x6a Core/Src/main.o
 .debug_macro   0x00000000000010cc      0x1df Core/Src/main.o
 .debug_macro   0x00000000000012ab       0x1c Core/Src/main.o
 .debug_macro   0x00000000000012c7       0x22 Core/Src/main.o
 .debug_macro   0x00000000000012e9       0xc3 Core/Src/main.o
 .debug_macro   0x00000000000013ac      0xd23 Core/Src/main.o
 .debug_macro   0x00000000000020cf     0xe097 Core/Src/main.o
 .debug_macro   0x0000000000010166       0x43 Core/Src/main.o
 .debug_macro   0x00000000000101a9     0x3468 Core/Src/main.o
 .debug_macro   0x0000000000013611      0x174 Core/Src/main.o
 .debug_macro   0x0000000000013785       0x5c Core/Src/main.o
 .debug_macro   0x00000000000137e1      0x5be Core/Src/main.o
 .debug_macro   0x0000000000013d9f      0x289 Core/Src/main.o
 .debug_macro   0x0000000000014028      0x1cb Core/Src/main.o
 .debug_macro   0x00000000000141f3      0x114 Core/Src/main.o
 .debug_macro   0x0000000000014307      0x1b2 Core/Src/main.o
 .debug_macro   0x00000000000144b9       0x27 Core/Src/main.o
 .debug_macro   0x00000000000144e0      0x136 Core/Src/main.o
 .debug_macro   0x0000000000014616      0x1bc Core/Src/main.o
 .debug_macro   0x00000000000147d2       0x34 Core/Src/main.o
 .debug_macro   0x0000000000014806       0x3c Core/Src/main.o
 .debug_macro   0x0000000000014842       0x57 Core/Src/main.o
 .debug_macro   0x0000000000014899       0x88 Core/Src/main.o
 .debug_macro   0x0000000000014921      0x241 Core/Src/main.o
 .debug_macro   0x0000000000014b62      0x141 Core/Src/main.o
 .debug_macro   0x0000000000014ca3      0x8d1 Core/Src/main.o
 .debug_macro   0x0000000000015574      0x26b Core/Src/main.o
 .debug_macro   0x00000000000157df       0x83 Core/Src/main.o
 .debug_macro   0x0000000000015862      0x1ad Core/Src/stm32f1xx_hal_msp.o
 .debug_macro   0x0000000000015a0f      0x1b7 Core/Src/stm32f1xx_it.o
 .debug_macro   0x0000000000015bc6      0x1a3 Core/Src/system_stm32f1xx.o
 .debug_macro   0x0000000000015d69      0x1c7 Drivers/STM32F1xx_HAL_Driver/Src/stm32f1xx_hal.o
 .debug_macro   0x0000000000015f30      0x1a3 Drivers/STM32F1xx_HAL_Driver/Src/stm32f1xx_hal_cortex.o
 .debug_macro   0x00000000000160d3      0x1a3 Drivers/STM32F1xx_HAL_Driver/Src/stm32f1xx_hal_dma.o
 .debug_macro   0x0000000000016276      0x20e Drivers/STM32F1xx_HAL_Driver/Src/stm32f1xx_hal_gpio.o
 .debug_macro   0x0000000000016484      0x1b5 Drivers/STM32F1xx_HAL_Driver/Src/stm32f1xx_hal_rcc.o
 .debug_macro   0x0000000000016639      0x1a4 Drivers/STM32F1xx_HAL_Driver/Src/stm32f1xx_hal_tim.o
 .debug_macro   0x00000000000167dd      0x1a3 Drivers/STM32F1xx_HAL_Driver/Src/stm32f1xx_hal_tim_ex.o
 .debug_macro   0x0000000000016980      0x1a4 Drivers/STM32F1xx_HAL_Driver/Src/stm32f1xx_hal_uart.o

.debug_line     0x0000000000000000     0x8d9a
 .debug_line    0x0000000000000000      0x7fe Core/Src/main.o
 .debug_line    0x00000000000007fe      0x6fe Core/Src/stm32f1xx_hal_msp.o
 .debug_line    0x0000000000000efc      0x741 Core/Src/stm32f1xx_it.o
 .debug_line    0x000000000000163d      0x6b3 Core/Src/system_stm32f1xx.o
 .debug_line    0x0000000000001cf0       0x84 Core/Startup/startup_stm32f103c8tx.o
 .debug_line    0x0000000000001d74      0x866 Drivers/STM32F1xx_HAL_Driver/Src/stm32f1xx_hal.o
 .debug_line    0x00000000000025da      0x93d Drivers/STM32F1xx_HAL_Driver/Src/stm32f1xx_hal_cortex.o
 .debug_line    0x0000000000002f17      0xacb Drivers/STM32F1xx_HAL_Driver/Src/stm32f1xx_hal_dma.o
 .debug_line    0x00000000000039e2      0x862 Drivers/STM32F1xx_HAL_Driver/Src/stm32f1xx_hal_gpio.o
 .debug_line    0x0000000000004244      0x926 Drivers/STM32F1xx_HAL_Driver/Src/stm32f1xx_hal_rcc.o
 .debug_line    0x0000000000004b6a     0x1fbf Drivers/STM32F1xx_HAL_Driver/Src/stm32f1xx_hal_tim.o
 .debug_line    0x0000000000006b29     0x12cd Drivers/STM32F1xx_HAL_Driver/Src/stm32f1xx_hal_tim_ex.o
 .debug_line    0x0000000000007df6      0xfa4 Drivers/STM32F1xx_HAL_Driver/Src/stm32f1xx_hal_uart.o

.debug_str      0x0000000000000000    0x85e7f
 .debug_str     0x0000000000000000    0x8349e Core/Src/main.o
                                      0x83898 (size before relaxing)
 .debug_str     0x000000000008349e      0x331 Core/Src/stm32f1xx_hal_msp.o
                                      0x838b9 (size before relaxing)
 .debug_str     0x00000000000837cf       0xcf Core/Src/stm32f1xx_it.o
                                      0x83281 (size before relaxing)
 .debug_str     0x000000000008389e       0x52 Core/Src/system_stm32f1xx.o
                                      0x82e9d (size before relaxing)
 .debug_str     0x00000000000838f0       0x36 Core/Startup/startup_stm32f103c8tx.o
                                         0x52 (size before relaxing)
 .debug_str     0x0000000000083926      0x304 Drivers/STM32F1xx_HAL_Driver/Src/stm32f1xx_hal.o
                                      0x8352e (size before relaxing)
 .debug_str     0x0000000000083c2a      0x300 Drivers/STM32F1xx_HAL_Driver/Src/stm32f1xx_hal_cortex.o
                                      0x83536 (size before relaxing)
 .debug_str     0x0000000000083f2a      0x235 Drivers/STM32F1xx_HAL_Driver/Src/stm32f1xx_hal_dma.o
                                      0x83278 (size before relaxing)
 .debug_str     0x000000000008415f      0x31f Drivers/STM32F1xx_HAL_Driver/Src/stm32f1xx_hal_gpio.o
                                      0x83261 (size before relaxing)
 .debug_str     0x000000000008447e      0x24f Drivers/STM32F1xx_HAL_Driver/Src/stm32f1xx_hal_rcc.o
                                      0x8329a (size before relaxing)
 .debug_str     0x00000000000846cd      0xd86 Drivers/STM32F1xx_HAL_Driver/Src/stm32f1xx_hal_tim.o
                                      0x8426c (size before relaxing)
 .debug_str     0x0000000000085453      0x517 Drivers/STM32F1xx_HAL_Driver/Src/stm32f1xx_hal_tim_ex.o
                                      0x83a46 (size before relaxing)
 .debug_str     0x000000000008596a      0x515 Drivers/STM32F1xx_HAL_Driver/Src/stm32f1xx_hal_uart.o
                                      0x837a0 (size before relaxing)

.comment        0x0000000000000000       0x7b
 .comment       0x0000000000000000       0x7b Core/Src/main.o
                                         0x7c (size before relaxing)
 .comment       0x000000000000007b       0x7c Core/Src/stm32f1xx_hal_msp.o
 .comment       0x000000000000007b       0x7c Core/Src/stm32f1xx_it.o
 .comment       0x000000000000007b       0x7c Core/Src/system_stm32f1xx.o
 .comment       0x000000000000007b       0x7c Drivers/STM32F1xx_HAL_Driver/Src/stm32f1xx_hal.o
 .comment       0x000000000000007b       0x7c Drivers/STM32F1xx_HAL_Driver/Src/stm32f1xx_hal_cortex.o
 .comment       0x000000000000007b       0x7c Drivers/STM32F1xx_HAL_Driver/Src/stm32f1xx_hal_dma.o
 .comment       0x000000000000007b       0x7c Drivers/STM32F1xx_HAL_Driver/Src/stm32f1xx_hal_gpio.o
 .comment       0x000000000000007b       0x7c Drivers/STM32F1xx_HAL_Driver/Src/stm32f1xx_hal_rcc.o
 .comment       0x000000000000007b       0x7c Drivers/STM32F1xx_HAL_Driver/Src/stm32f1xx_hal_tim.o
 .comment       0x000000000000007b       0x7c Drivers/STM32F1xx_HAL_Driver/Src/stm32f1xx_hal_tim_ex.o
 .comment       0x000000000000007b       0x7c Drivers/STM32F1xx_HAL_Driver/Src/stm32f1xx_hal_uart.o

.debug_frame    0x0000000000000000     0x31a4
 .debug_frame   0x0000000000000000      0x1f4 Core/Src/main.o
 .debug_frame   0x00000000000001f4       0xf4 Core/Src/stm32f1xx_hal_msp.o
 .debug_frame   0x00000000000002e8      0x128 Core/Src/stm32f1xx_it.o
 .debug_frame   0x0000000000000410       0x58 Core/Src/system_stm32f1xx.o
 .debug_frame   0x0000000000000468      0x334 Drivers/STM32F1xx_HAL_Driver/Src/stm32f1xx_hal.o
 .debug_frame   0x000000000000079c      0x428 Drivers/STM32F1xx_HAL_Driver/Src/stm32f1xx_hal_cortex.o
 .debug_frame   0x0000000000000bc4      0x208 Drivers/STM32F1xx_HAL_Driver/Src/stm32f1xx_hal_dma.o
 .debug_frame   0x0000000000000dcc      0x14c Drivers/STM32F1xx_HAL_Driver/Src/stm32f1xx_hal_gpio.o
 .debug_frame   0x0000000000000f18      0x21c Drivers/STM32F1xx_HAL_Driver/Src/stm32f1xx_hal_rcc.o
 .debug_frame   0x0000000000001134     0x11b8 Drivers/STM32F1xx_HAL_Driver/Src/stm32f1xx_hal_tim.o
 .debug_frame   0x00000000000022ec      0x638 Drivers/STM32F1xx_HAL_Driver/Src/stm32f1xx_hal_tim_ex.o
 .debug_frame   0x0000000000002924      0x834 Drivers/STM32F1xx_HAL_Driver/Src/stm32f1xx_hal_uart.o
 .debug_frame   0x0000000000003158       0x2c d:/stm-ide/stm32cubeide_1.4.0/stm32cubeide/plugins/com.st.stm32cube.ide.mcu.externaltools.gnu-tools-for-stm32.7-2018-q2-update.win32_1.4.0.202007081208/tools/bin/../lib/gcc/arm-none-eabi/7.3.1/../../../../arm-none-eabi/lib/thumb/v7-m\libc_nano.a(lib_a-init.o)
 .debug_frame   0x0000000000003184       0x20 d:/stm-ide/stm32cubeide_1.4.0/stm32cubeide/plugins/com.st.stm32cube.ide.mcu.externaltools.gnu-tools-for-stm32.7-2018-q2-update.win32_1.4.0.202007081208/tools/bin/../lib/gcc/arm-none-eabi/7.3.1/../../../../arm-none-eabi/lib/thumb/v7-m\libc_nano.a(lib_a-memset.o)
