main.c:67:6:stop	16	static
main.c:77:6:turn_back	16	static
main.c:87:6:turn_right	16	static
main.c:97:6:turn_left	16	static
main.c:107:6:xuat_xung_PWM_straight	16	static
main.c:117:6:turn_left_BW	16	static
main.c:127:6:turn_right_BW	16	static
main.c:143:5:main	8	static
main.c:216:6:SystemClock_Config	72	static
main.c:254:13:MX_TIM3_Init	64	static
main.c:317:13:MX_USART1_UART_Init	8	static
main.c:350:13:MX_GPIO_Init	32	static
main.c:371:6:HAL_UART_RxCpltCallback	16	static
main.c:391:6:Error_Handler	4	static
